{"dhatFileVersion":2
,"mode":"heap","verb":"Allocated"
,"bklt":true,"bkacc":true
,"tu":"instrs","Mtu":"Minstr"
,"tuth":500
,"cmd":"/some/where/test_lib_bench_default_tool-d366beac75af4259 --gungraun-run my_group 0 2 test_dhat::my_group::dhat"
,"pid":189875
,"te":489466
,"tg":324197
,"pps":
 [{"tb":472,"tbk":1
  ,"tl":157144
  ,"mb":472,"mbk":1
  ,"gb":472,"gbk":1
  ,"eb":0,"ebk":0
  ,"rb":2858,"wb":1347
  ,"acc":[190,150,-2,139,-4,0,-8,188,-8,86,-8,12,-8,17,-16,12,-8,22,-8,8,-8,3,-8,8,-8,1,-8,8,-8,3,-4,14,13,-2,5,2,-8,0,-2,1,-6,0,-16,7,-8,0,-16,1,-8,0,-8,2,-4,9,-20,0,-8,15,-4,4,-4,3,-8,5,-88,1,-136,0,-8,1]
  ,"fs":[1,2,3,4]
  }
 ,{"tb":360,"tbk":2
  ,"tl":156245
  ,"mb":240,"mbk":1
  ,"gb":240,"gbk":1
  ,"eb":0,"ebk":0
  ,"rb":6188,"wb":4927
  ,"fs":[1]
  }
 ,{"tb":152,"tbk":1
  ,"tl":281
  ,"mb":0,"mbk":0
  ,"gb":0,"gbk":0
  ,"eb":0,"ebk":0
  ,"rb":24,"wb":16
  ,"acc":[-8,3,-8,2,-136,0]
  ,"fs":[5]
  }
 ]
,"ftbl":
 ["[root]"
 ,"0x48C87A8: malloc (in /usr/lib/valgrind/vgpreload_dhat-amd64-linux.so)"
 ,"0x40160D4: test_dhat::tool::__gungraun_wrapper_mod::dhat (test_dhat.rs:43)"
 ,"0x4014455: test_dhat::tool::with_entry_point (test_dhat.rs:9)"
 ,"0x401299B: test_dhat::main (macros.rs:481)"
 ,"0x48CFC13: calloc (in /usr/lib/valgrind/vgpreload_dhat-amd64-linux.so)"
 ]
}
