{"dhatFileVersion":2
,"mode":"ad-hoc","verb":"Occurred"
,"bklt":false,"bkacc":false
,"bu":"unit","bsu":"units","bksu":"events"
,"tu":"instrs","Mtu":"Minstr"
,"cmd":"/some/path/bench-bb025b17fd65eb7d --gungraun-run my_group 0 2 test_dhat::my_group::dhat"
,"pid":563362
,"te":470900
,"pps":
 [{"tb":15,"tbk":1
  ,"fs":[1,2,3,4]
  }
 ]
,"ftbl":
 ["[root]"
 ,"0x401189E: test_dhat::ad_hoc::__gungraun_wrapper_mod::dhat (test_dhat.rs:89)"
 ,"0x40119D5: test_dhat::ad_hoc::with_entry_point (test_dhat.rs:72)"
 ,"0x401281B: test_dhat::main (macros.rs:481)"
 ,"0x4012A8B: main (in /some/path/bench-bb025b17fd65eb7d)"
 ]
}
