Illegal memory pool address
<__BACKTRACE__>
Address <__FILTER__> is <__NUMBER__> bytes inside a block of size <__NUMBER__> free'd
<__BACKTRACE__>
Block was alloc'd at
<__BACKTRACE__>


HEAP SUMMARY:
in use at exit: <__NUMBER__> bytes in <__NUMBER__> blocks
total heap usage: <__FILTER__>

All heap blocks were freed -- no leaks are possible

ERROR SUMMARY: <__NUMBER__> errors from <__NUMBER__> contexts (suppressed: <__NUMBER__> from <__NUMBER__>)

<__NUMBER__> errors in context <__NUMBER__> of <__NUMBER__>:
Illegal memory pool address
<__BACKTRACE__>
Address <__FILTER__> is <__NUMBER__> bytes inside a block of size <__NUMBER__> free'd
<__BACKTRACE__>
Block was alloc'd at
<__BACKTRACE__>

ERROR SUMMARY: <__NUMBER__> errors from <__NUMBER__> contexts (suppressed: <__NUMBER__> from <__NUMBER__>)
