{"dhatFileVersion":2
,"mode":"heap","verb":"Allocated"
,"bklt":true,"bkacc":true
,"tu":"instrs","Mtu":"Minstr"
,"tuth":500
,"cmd":"/some/path/bench-bb025b17fd65eb7d --iai-run my_group 0 2 file::group::function"
,"pid":314668
,"te":481654
,"tg":313646
,"pps":
 [{"tb":472,"tbk":1
  ,"tl":159855
  ,"mb":472,"mbk":1
  ,"gb":472,"gbk":1
  ,"eb":0,"ebk":0
  ,"rb":2891,"wb":1355
  ,"acc":[193,152,-2,141,-4,0,-8,191,-8,87,-8,12,-8,17,-16,12,-8,22,-8,8,-8,3,-8,8,-8,1,-8,8,-8,3,-4,14,13,-2,5,2,-8,0,-2,1,-6,0,-16,7,-8,0,-16,1,-8,0,-8,2,-4,9,-20,0,-8,15,-4,4,-4,3,-8,5,-88,1,-136,0,-8,1]
  ,"fs":[1,2,3,4,5,6,7,8,9,10]
  }
 ]
,"ftbl":
 ["[root]"
 ,"0x48C67A8: malloc (in /usr/lib/valgrind/vgpreload_dhat-amd64-linux.so)"
 ,"0x49A6CC8: ??? (in /usr/lib/libc.so.6)"
 ,"0x403C00E: {closure#0} (rt.rs:166)"
 ,"0x403C00E: do_call<std::rt::lang_start_internal::{closure_env#0}, isize> (panicking.rs:589)"
 ,"0x403C00E: try<isize, std::rt::lang_start_internal::{closure_env#0}> (panicking.rs:552)"
 ,"0x403C00E: catch_unwind<std::rt::lang_start_internal::{closure_env#0}, isize> (panic.rs:359)"
 ,"0x40147EB: main (in /some/path/bench-bb025b17fd65eb7d)"
 ,"0x403D8F2: with_capacity_in<std::ffi::os_str::OsString, alloc::alloc::Global> (mod.rs:190)"
 ,"0x403C263: catch_unwind<&(dyn core::ops::function::Fn<(), Output=i32> + core::marker::Sync + core::panic::unwind_safe::RefUnwindSafe), i32> (panic.rs:359)"
 ,"0x40118C4: test_lib_bench_default_tool::default_tool::__iai_callgrind_wrapper_mod::default_tool (test_lib_bench_default_tool.rs:43)"
 ]
}
