error: You are using a deprecated syntax of the main! macro to set up binary benchmarks. See the README (https://github.com/gungraun/gungraun) and docs (https://docs.rs/iai-callgrind/latest/iai_callgrind/) for further details.
 --> tests/ui/test_main_invalid_library_benchmark_setup_deprecated copy.rs:4:5
  |
4 |     main!(run = cmd = "some", id = "id", args = []);
  |     ^^^^^^^^^^^^^^^^^^^^^^^^^^^^^^^^^^^^^^^^^^^^^^^
  |
  = note: this error originates in the macro `main` (in Nightly builds, run with -Z macro-backtrace for more info)
